wsl : sudo: a password is required
At line:1 char:1
+ wsl sudo bash /mnt/c/Users/PCOEM/AeThexOS/AeThex-OS/script/build-linu ...
+ ~~~~~~~~~~~~~~~~~~~~~~~~~~~~~~~~~~~~~~~~~~~~~~~~~~~~~~~~~~~~~~~~~~~~~
    + CategoryInfo          : NotSpecified: (sudo: a password is required:String) [], RemoteException
    + FullyQualifiedErrorId : NativeCommandError
 
